couldn't parse error, original:
File "tests/type_UnboundValue/type_UnboundValue_1.ml", line 1, characters 21-27:
Error: Unbound value perhap
Hint: Did you mean perhaps?

