File "tests/type_UnboundRecordField/type_UnboundRecordField_2.ml", line 8, characters 2-6:
Error: Unbound record field helo
Hint: Did you mean hello?
