tests/type_AppliedTooMany/type_AppliedTooMany_1.ml:3 24-36
let () = print_endline (omNomNomArgs 1 (fun x -> "a") 1)
                        ^^^^^^^^^^^^ this function has type 'a -> (int -> 'b) -> string
It accepts only 2 arguments. You gave more. Maybe you forgot a `;` somewhere?
