[31mError[0m: module `NonExistantModule` not found.
