[31mError[0m: (from stdin)
This expression has type int but an expression was expected of type
         bytes
