[36mtests/prettyPrint/prettyPrint_2.ml:3 38-45
[0m1 â”†       type bread =
2 â”† | Coconut of string
3 â”†     let morning = [31mCoconut[0m

[31mError[0m: This needs to be applied to 1 argument, we found 0.
