[36mtests/prettyPrint/prettyPrint_1.ml:5 38-45
[0m 2 â”† 
 3 â”† type bread =
 4 â”†   | Coconut of string
 5 â”† let morning = [31mCoconut[0m
 6 â”† 
 7 â”† 
 8 â”† 

[31mError[0m: This needs to be applied to 1 argument, we found 0.
