[36mtests/type_NotAFunction/type_NotAFunction_1.ml:2 2-3
[0m1 | let a =
2 |   [31;4m5[0m ()

[31mError[0m: This is int. You seem to have called it as a function.
Careful with the spaces and the parentheses, and whatever's in-between!
