tests/type_UnboundTypeConstructor/type_UnboundTypeConstructor_2.ml:4 13-21
  | Hello of whereAmI
             ^^^^^^^^ The type constructor whereAmI can't be found.
Hint: did you mean `whereAm`?
