[36mtests/type_IncompatibleType/type_IncompatibleType_3.ml:6 8-13
[0m3 | }
4 | 
5 | let takeMeAway = {
6 |   bla = [31;4m[|1|][0m;
7 | }

[31;4mThis is:[0m  'a array   
[32mWanted:[0m   string list
