File "tests/type_IncompatibleType/type_IncompatibleType_2.ml", line 1, characters 4-8:
Error: This expression has type bool but an expression was expected of type
         'a ref
